exports[`test Create Room 1`] = `
Object {
  "rooms": Object {
    "apple": Object {
      "users": Array [
        "alex",
      ],
    },
  },
}
`;

exports[`test Create Room 2`] = `null`;

exports[`test Initial State 1`] = `
Object {
  "rooms": Object {},
}
`;

exports[`test Join Game 1`] = `
Object {
  "room": "apple",
  "rooms": Object {
    "apple": Object {
      "game": Object {
        "activePlayer": 1,
        "board": Array [
          Object {
            "grid": Array [
              0,
              0,
              0,
              0,
              0,
              0,
              0,
              0,
              0,
            ],
            "selectable": true,
            "winner": 0,
          },
          Object {
            "grid": Array [
              0,
              0,
              0,
              0,
              0,
              0,
              0,
              0,
              0,
            ],
            "selectable": true,
            "winner": 0,
          },
          Object {
            "grid": Array [
              0,
              0,
              0,
              0,
              0,
              0,
              0,
              0,
              0,
            ],
            "selectable": true,
            "winner": 0,
          },
          Object {
            "grid": Array [
              0,
              0,
              0,
              0,
              0,
              0,
              0,
              0,
              0,
            ],
            "selectable": true,
            "winner": 0,
          },
          Object {
            "grid": Array [
              0,
              0,
              0,
              0,
              0,
              0,
              0,
              0,
              0,
            ],
            "selectable": true,
            "winner": 0,
          },
          Object {
            "grid": Array [
              0,
              0,
              0,
              0,
              0,
              0,
              0,
              0,
              0,
            ],
            "selectable": true,
            "winner": 0,
          },
          Object {
            "grid": Array [
              0,
              0,
              0,
              0,
              0,
              0,
              0,
              0,
              0,
            ],
            "selectable": true,
            "winner": 0,
          },
          Object {
            "grid": Array [
              0,
              0,
              0,
              0,
              0,
              0,
              0,
              0,
              0,
            ],
            "selectable": true,
            "winner": 0,
          },
          Object {
            "grid": Array [
              0,
              0,
              0,
              0,
              0,
              0,
              0,
              0,
              0,
            ],
            "selectable": true,
            "winner": 0,
          },
        ],
        "minPlayers": 2,
        "players": Object {
          "alex": -1,
          "john": 1,
        },
        "winner": 0,
      },
      "users": Array [
        "alex",
        "john",
      ],
    },
  },
  "username": "alex",
}
`;

exports[`test Place Piece 1`] = `
Object {
  "room": "apple",
  "rooms": Object {
    "apple": Object {
      "game": Object {
        "activePlayer": 1,
        "board": Array [
          Object {
            "grid": Array [
              1,
              1,
              1,
              0,
              0,
              0,
              0,
              0,
              0,
            ],
            "selectable": false,
            "winner": 1,
          },
          Object {
            "grid": Array [
              0,
              0,
              0,
              0,
              0,
              0,
              0,
              0,
              0,
            ],
            "selectable": false,
            "winner": 1,
          },
          Object {
            "grid": Array [
              0,
              0,
              0,
              0,
              0,
              0,
              0,
              0,
              0,
            ],
            "selectable": false,
            "winner": 1,
          },
          Object {
            "grid": Array [
              0,
              0,
              0,
              0,
              0,
              0,
              0,
              0,
              0,
            ],
            "selectable": false,
            "winner": 1,
          },
          Object {
            "grid": Array [
              0,
              0,
              0,
              0,
              0,
              0,
              0,
              0,
              0,
            ],
            "selectable": false,
            "winner": 1,
          },
          Object {
            "grid": Array [
              0,
              0,
              0,
              0,
              0,
              0,
              0,
              0,
              0,
            ],
            "selectable": false,
            "winner": 1,
          },
          Object {
            "grid": Array [
              0,
              0,
              0,
              0,
              0,
              0,
              0,
              0,
              0,
            ],
            "selectable": false,
            "winner": 1,
          },
          Object {
            "grid": Array [
              0,
              0,
              0,
              0,
              0,
              0,
              0,
              0,
              0,
            ],
            "selectable": false,
            "winner": 1,
          },
          Object {
            "grid": Array [
              0,
              0,
              0,
              0,
              0,
              0,
              0,
              0,
              0,
            ],
            "selectable": false,
            "winner": 1,
          },
        ],
        "minPlayers": 2,
        "players": Object {
          "alex": -1,
          "john": 1,
        },
        "winner": 1,
      },
      "users": Array [
        "alex",
        "john",
      ],
    },
  },
  "username": "john",
}
`;

exports[`test switchPlayer 1`] = `
Object {
  "room": "apple",
  "rooms": Object {
    "apple": Object {
      "game": Object {
        "activePlayer": 1,
        "board": Array [
          Object {
            "grid": Array [
              0,
              1,
              1,
              0,
              0,
              0,
              0,
              0,
              0,
            ],
            "selectable": true,
            "winner": 0,
          },
          Object {
            "grid": Array [
              0,
              0,
              0,
              0,
              0,
              0,
              0,
              0,
              0,
            ],
            "selectable": true,
            "winner": 1,
          },
          Object {
            "grid": Array [
              0,
              0,
              0,
              0,
              0,
              0,
              0,
              0,
              0,
            ],
            "selectable": true,
            "winner": 1,
          },
          Object {
            "grid": Array [
              0,
              0,
              0,
              0,
              0,
              0,
              0,
              0,
              0,
            ],
            "selectable": true,
            "winner": 1,
          },
          Object {
            "grid": Array [
              0,
              0,
              0,
              0,
              0,
              0,
              0,
              0,
              0,
            ],
            "selectable": true,
            "winner": 1,
          },
          Object {
            "grid": Array [
              0,
              0,
              0,
              0,
              0,
              0,
              0,
              0,
              0,
            ],
            "selectable": true,
            "winner": 1,
          },
          Object {
            "grid": Array [
              0,
              0,
              0,
              0,
              0,
              0,
              0,
              0,
              0,
            ],
            "selectable": true,
            "winner": 1,
          },
          Object {
            "grid": Array [
              0,
              0,
              0,
              0,
              0,
              0,
              0,
              0,
              0,
            ],
            "selectable": true,
            "winner": 1,
          },
          Object {
            "grid": Array [
              0,
              0,
              0,
              0,
              0,
              0,
              0,
              0,
              0,
            ],
            "selectable": true,
            "winner": 1,
          },
        ],
        "minPlayers": 2,
        "players": Object {
          "alex": -1,
          "john": 1,
        },
        "winner": 0,
      },
      "users": Array [
        "alex",
        "john",
      ],
    },
  },
  "username": "john",
}
`;
